Archive member included to satisfy reference by file (symbol)

lib/orangescrt.a(printf.o)    kernel/main.o (printf)
lib/orangescrt.a(vsprintf.o)  kernel/main.o (vsprintf)
lib/orangescrt.a(string.o)    kernel/start.o (memcpy)
lib/orangescrt.a(misc.o)      kernel/main.o (send_recv)
lib/orangescrt.a(open.o)      kernel/main.o (open)
lib/orangescrt.a(read.o)      kernel/main.o (read)
lib/orangescrt.a(write.o)     kernel/main.o (write)
lib/orangescrt.a(close.o)     kernel/main.o (close)
lib/orangescrt.a(unlink.o)    kernel/main.o (unlink)
lib/orangescrt.a(getpid.o)    kernel/main.o (getpid)
lib/orangescrt.a(stat.o)      mm/exec.o (stat)
lib/orangescrt.a(fork.o)      kernel/main.o (fork)
lib/orangescrt.a(wait.o)      kernel/main.o (wait)
lib/orangescrt.a(exec.o)      kernel/main.o (execv)
lib/orangescrt.a(syscall.o)   lib/orangescrt.a(misc.o) (sendrec)

Allocating common symbols
Common symbol       size              file

idt_ptr             0x6               kernel/global.o
inode_table         0xb00             kernel/global.o
task_stack          0x24000           kernel/global.o
k_reenter           0x4               kernel/global.o
gdt                 0x400             kernel/global.o
current_console     0x4               kernel/global.o
pcaller             0x4               kernel/global.o
tty_table           0xc6c             kernel/global.o
tss                 0x68              kernel/global.o
fs_msg              0x34              kernel/global.o
memory_size         0x4               kernel/global.o
f_desc_table        0x400             kernel/global.o
root_inode          0x4               kernel/global.o
disp_pos            0x4               kernel/global.o
mm_msg              0x34              kernel/global.o
key_pressed         0x4               kernel/global.o
gdt_ptr             0x6               kernel/global.o
idt                 0x800             kernel/global.o
super_block         0x1e0             kernel/global.o
PARTITION_ENTRY     0x10              kernel/hd.o
ticks               0x4               kernel/global.o
console_table       0x3c              kernel/global.o
irq_table           0x40              kernel/global.o
p_proc_ready        0x4               kernel/global.o
proc_table          0x3af8            kernel/global.o

Discarded input sections

 .note.GNU-stack
                0x0000000000000000        0x0 kernel/start.o
 .note.GNU-stack
                0x0000000000000000        0x0 kernel/main.o
 .note.GNU-stack
                0x0000000000000000        0x0 kernel/clock.o
 .note.GNU-stack
                0x0000000000000000        0x0 kernel/keyboard.o
 .note.GNU-stack
                0x0000000000000000        0x0 kernel/tty.o
 .note.GNU-stack
                0x0000000000000000        0x0 kernel/console.o
 .note.GNU-stack
                0x0000000000000000        0x0 kernel/i8259.o
 .note.GNU-stack
                0x0000000000000000        0x0 kernel/global.o
 .note.GNU-stack
                0x0000000000000000        0x0 kernel/protect.o
 .note.GNU-stack
                0x0000000000000000        0x0 kernel/proc.o
 .note.GNU-stack
                0x0000000000000000        0x0 kernel/systask.o
 .note.GNU-stack
                0x0000000000000000        0x0 kernel/hd.o
 .note.GNU-stack
                0x0000000000000000        0x0 kernel/klib.o
 .note.GNU-stack
                0x0000000000000000        0x0 lib/syslog.o
 .note.GNU-stack
                0x0000000000000000        0x0 mm/main.o
 .note.GNU-stack
                0x0000000000000000        0x0 mm/forkexit.o
 .note.GNU-stack
                0x0000000000000000        0x0 mm/exec.o
 .note.GNU-stack
                0x0000000000000000        0x0 fs/main.o
 .note.GNU-stack
                0x0000000000000000        0x0 fs/open.o
 .note.GNU-stack
                0x0000000000000000        0x0 fs/misc.o
 .note.GNU-stack
                0x0000000000000000        0x0 fs/read_write.o
 .note.GNU-stack
                0x0000000000000000        0x0 fs/link.o
 .note.GNU-stack
                0x0000000000000000        0x0 fs/disklog.o
 .note.GNU-stack
                0x0000000000000000        0x0 lib/orangescrt.a(printf.o)
 .note.GNU-stack
                0x0000000000000000        0x0 lib/orangescrt.a(vsprintf.o)
 .note.GNU-stack
                0x0000000000000000        0x0 lib/orangescrt.a(misc.o)
 .note.GNU-stack
                0x0000000000000000        0x0 lib/orangescrt.a(open.o)
 .note.GNU-stack
                0x0000000000000000        0x0 lib/orangescrt.a(read.o)
 .note.GNU-stack
                0x0000000000000000        0x0 lib/orangescrt.a(write.o)
 .note.GNU-stack
                0x0000000000000000        0x0 lib/orangescrt.a(close.o)
 .note.GNU-stack
                0x0000000000000000        0x0 lib/orangescrt.a(unlink.o)
 .note.GNU-stack
                0x0000000000000000        0x0 lib/orangescrt.a(getpid.o)
 .note.GNU-stack
                0x0000000000000000        0x0 lib/orangescrt.a(stat.o)
 .note.GNU-stack
                0x0000000000000000        0x0 lib/orangescrt.a(fork.o)
 .note.GNU-stack
                0x0000000000000000        0x0 lib/orangescrt.a(wait.o)
 .note.GNU-stack
                0x0000000000000000        0x0 lib/orangescrt.a(exec.o)

Memory Configuration

Name             Origin             Length             Attributes
*default*        0x0000000000000000 0xffffffffffffffff

Linker script and memory map

Address of section .text set to 0x1000
LOAD kernel/kernel.o
LOAD kernel/start.o
LOAD kernel/main.o
LOAD kernel/clock.o
LOAD kernel/keyboard.o
LOAD kernel/tty.o
LOAD kernel/console.o
LOAD kernel/i8259.o
LOAD kernel/global.o
LOAD kernel/protect.o
LOAD kernel/proc.o
LOAD kernel/systask.o
LOAD kernel/hd.o
LOAD kernel/kliba.o
LOAD kernel/klib.o
LOAD lib/syslog.o
LOAD mm/main.o
LOAD mm/forkexit.o
LOAD mm/exec.o
LOAD fs/main.o
LOAD fs/open.o
LOAD fs/misc.o
LOAD fs/read_write.o
LOAD fs/link.o
LOAD fs/disklog.o
LOAD lib/orangescrt.a
                [!provide]                        PROVIDE (__executable_start, 0x8048000)
                0x0000000008048094                . = (0x8048000 + SIZEOF_HEADERS)

.interp
 *(.interp)

.note.gnu.build-id
 *(.note.gnu.build-id)

.hash
 *(.hash)

.gnu.hash
 *(.gnu.hash)

.dynsym
 *(.dynsym)

.dynstr
 *(.dynstr)

.gnu.version
 *(.gnu.version)

.gnu.version_d
 *(.gnu.version_d)

.gnu.version_r
 *(.gnu.version_r)

.rel.dyn        0x0000000008048094        0x0
 *(.rel.init)
 *(.rel.text .rel.text.* .rel.gnu.linkonce.t.*)
 .rel.text      0x0000000008048094        0x0 kernel/kernel.o
 *(.rel.fini)
 *(.rel.rodata .rel.rodata.* .rel.gnu.linkonce.r.*)
 *(.rel.data.rel.ro .rel.data.rel.ro.* .rel.gnu.linkonce.d.rel.ro.*)
 *(.rel.data .rel.data.* .rel.gnu.linkonce.d.*)
 .rel.data      0x0000000008048094        0x0 kernel/kernel.o
 *(.rel.tdata .rel.tdata.* .rel.gnu.linkonce.td.*)
 *(.rel.tbss .rel.tbss.* .rel.gnu.linkonce.tb.*)
 *(.rel.ctors)
 *(.rel.dtors)
 *(.rel.got)
 *(.rel.bss .rel.bss.* .rel.gnu.linkonce.b.*)
 *(.rel.ifunc)

.rel.plt        0x0000000008048094        0x0
 *(.rel.plt)
                [!provide]                        PROVIDE (__rel_iplt_start, .)
 *(.rel.iplt)
 .rel.iplt      0x0000000008048094        0x0 kernel/kernel.o
                [!provide]                        PROVIDE (__rel_iplt_end, .)

.init
 *(SORT(.init))

.plt            0x00000000080480a0        0x0
 *(.plt)
 *(.iplt)
 .iplt          0x00000000080480a0        0x0 kernel/kernel.o

.plt.got
 *(.plt.got)

.text           0x0000000000001000    0x10458
 *(.text.unlikely .text.*_unlikely .text.unlikely.*)
 *(.text.exit .text.exit.*)
 *(.text.startup .text.startup.*)
 *(.text.hot .text.hot.*)
 *(.text .stub .text.* .gnu.linkonce.t.*)
 .text          0x0000000000001000      0x410 kernel/kernel.o
                0x0000000000001000                _start
                0x0000000000001040                hwint00
                0x0000000000001070                hwint01
                0x00000000000010a0                hwint02
                0x00000000000010d0                hwint03
                0x0000000000001100                hwint04
                0x0000000000001130                hwint05
                0x0000000000001160                hwint06
                0x0000000000001190                hwint07
                0x00000000000011c0                hwint08
                0x00000000000011f0                hwint09
                0x0000000000001220                hwint10
                0x0000000000001250                hwint11
                0x0000000000001280                hwint12
                0x00000000000012b0                hwint13
                0x00000000000012e0                hwint14
                0x0000000000001310                hwint15
                0x0000000000001334                divide_error
                0x000000000000133a                single_step_exception
                0x0000000000001340                nmi
                0x0000000000001346                breakpoint_exception
                0x000000000000134c                overflow
                0x0000000000001352                bounds_check
                0x0000000000001358                inval_opcode
                0x000000000000135e                copr_not_available
                0x0000000000001364                double_fault
                0x0000000000001368                copr_seg_overrun
                0x000000000000136e                inval_tss
                0x0000000000001372                segment_not_present
                0x0000000000001376                stack_exception
                0x000000000000137a                general_protection
                0x000000000000137e                page_fault
                0x0000000000001382                copr_error
                0x00000000000013cb                sys_call
                0x00000000000013eb                restart
 .text          0x0000000000001410       0x95 kernel/start.o
                0x0000000000001410                cstart
 .text          0x00000000000014a5     0x2e9c kernel/main.o
                0x00000000000014a5                kernel_main
                0x00000000000017c0                lseek
                0x00000000000017f7                send_rece_cd
                0x0000000000001863                get_ticks
                0x0000000000001897                get_time
                0x00000000000018ea                untar
                0x0000000000001b98                shabby_shell
                0x00000000000024f4                Init
                0x000000000000265c                ls
                0x00000000000026f7                AppandStrToFile
                0x0000000000002877                clearandedit
                0x000000000000297e                getwholepath
                0x0000000000002a12                createdirectory
                0x0000000000002a8e                createFile
                0x0000000000002b21                deleteFileorDir
                0x0000000000002b9d                clearArr
                0x0000000000002bc6                TestA
                0x0000000000002bcb                TestB
                0x0000000000002bd0                TestC
                0x0000000000002bd5                panic
                0x0000000000002c1e                readFile
                0x0000000000002cea                readDirectory
                0x0000000000002d34                cd
                0x0000000000002dfc                welcome
                0x0000000000002ee5                animation
                0x00000000000037cc                clear
                0x00000000000037ff                currentTime
                0x000000000000384c                help
                0x00000000000039b5                colorful
                0x000000000000428a                proc_detail
 .text          0x0000000000004341      0x10d kernel/clock.o
                0x0000000000004341                clock_handler
                0x00000000000043bc                milli_delay
                0x00000000000043f6                init_clock
 .text          0x000000000000444e      0x6da kernel/keyboard.o
                0x000000000000444e                keyboard_handler
                0x00000000000044b8                init_keyboard
                0x0000000000004567                keyboard_read
 .text          0x0000000000004b28      0xa4a kernel/tty.o
                0x0000000000004b28                task_tty
                0x0000000000004d19                in_process
                0x0000000000005272                sys_printx
                0x0000000000005411                dump_tty_buf
 .text          0x0000000000005572      0x7d7 kernel/console.o
                0x0000000000005572                init_screen
                0x00000000000056e6                out_char
                0x00000000000059c3                is_current_console
                0x0000000000005ab6                select_console
                0x0000000000005af6                scroll_screen
 .text          0x0000000000005d49      0x130 kernel/i8259.o
                0x0000000000005d49                init_8259A
                0x0000000000005e1e                spurious_irq
                0x0000000000005e55                put_irq_handler
 .text          0x0000000000005e79        0x0 kernel/global.o
 .text          0x0000000000005e79      0x65f kernel/protect.o
                0x0000000000005e79                init_prot
                0x00000000000062e1                seg2linear
                0x0000000000006330                init_desc
                0x000000000000639d                exception_handler
 .text          0x00000000000064d8     0x1619 kernel/proc.o
                0x00000000000064d8                schedule
                0x0000000000006564                sys_sendrec
                0x0000000000006684                ldt_seg_linear
                0x00000000000066ce                va2la
                0x000000000000672f                reset_msg
                0x0000000000007538                inform_int
                0x00000000000076a8                dump_proc
                0x00000000000079e4                dump_msg
 .text          0x0000000000007af1      0x2bc kernel/systask.o
                0x0000000000007af1                task_sys
 .text          0x0000000000007dad      0xe1f kernel/hd.o
                0x0000000000007dad                task_hd
                0x0000000000008ba1                hd_handler
 *fill*         0x0000000000008bcc        0x4 
 .text          0x0000000000008bd0      0x19a kernel/kliba.o
                0x0000000000008bd0                disp_str
                0x0000000000008c0e                disp_color_str
                0x0000000000008c4d                out_byte
                0x0000000000008c59                in_byte
                0x0000000000008c63                port_read
                0x0000000000008c76                port_write
                0x0000000000008c89                disable_irq
                0x0000000000008cbe                enable_irq
                0x0000000000008cdd                disable_int
                0x0000000000008cdf                enable_int
                0x0000000000008ce1                glitter
 .text          0x0000000000008d6a      0x2af kernel/klib.o
                0x0000000000008d6a                get_boot_params
                0x0000000000008df0                get_kernel_map
                0x0000000000008f00                itoa
                0x0000000000008fab                disp_int
                0x0000000000008fd2                delay
 .text          0x0000000000009019       0x6f lib/syslog.o
                0x0000000000009019                syslog
 .text          0x0000000000009088      0x1bc mm/main.o
                0x0000000000009088                task_mm
                0x00000000000091bf                alloc_mem
                0x000000000000923a                free_mem
 .text          0x0000000000009244      0x5c0 mm/forkexit.o
                0x0000000000009244                do_fork
                0x0000000000009585                do_exit
                0x000000000000974e                do_wait
 .text          0x0000000000009804      0x358 mm/exec.o
                0x0000000000009804                do_exec
 .text          0x0000000000009b5c     0x10eb fs/main.o
                0x0000000000009b5c                task_fs
                0x000000000000a62c                rw_sector
                0x000000000000a84f                get_super_block
                0x000000000000a895                get_inode
                0x000000000000a9f8                put_inode
                0x000000000000aa36                sync_inode
 .text          0x000000000000ac47     0x19d6 fs/open.o
                0x000000000000ac47                do_open_old
                0x000000000000b064                do_open
                0x000000000000b595                do_cd
                0x000000000000bc2c                do_close
                0x000000000000bca7                do_lseek
                0x000000000000c2ff                tempsearch
                0x000000000000c4ca                printallchildfiles
 .text          0x000000000000c61d      0x5f9 fs/misc.o
                0x000000000000c61d                do_stat
                0x000000000000c7ee                search_file
                0x000000000000c944                strip_path_dir
 .text          0x000000000000cc16      0x49a fs/read_write.o
                0x000000000000cc16                do_rdwt
 .text          0x000000000000d0b0     0x1868 fs/link.o
                0x000000000000d0b0                do_unlink
                0x000000000000d88b                deletefile
                0x000000000000df1e                deletedirectoy
                0x000000000000e585                do_unlink_my
                0x000000000000e7c4                recursivedelete
 .text          0x000000000000e918     0x1fb8 fs/disklog.o
                0x000000000000e918                disklog
                0x000000000000ee85                dump_fd_graph
 .text          0x00000000000108d0       0xad lib/orangescrt.a(printf.o)
                0x00000000000108d0                printf
                0x000000000001093b                printl
 .text          0x000000000001097d      0x305 lib/orangescrt.a(vsprintf.o)
                0x00000000000109db                vsprintf
                0x0000000000010c5c                sprintf
 *fill*         0x0000000000010c82        0xe 
 .text          0x0000000000010c90       0x78 lib/orangescrt.a(string.o)
                0x0000000000010c90                memcpy
                0x0000000000010cb9                memset
                0x0000000000010cda                strcpy
                0x0000000000010cf2                strlen
 .text          0x0000000000010d08      0x256 lib/orangescrt.a(misc.o)
                0x0000000000010d08                send_recv
                0x0000000000010dc2                memcmp
                0x0000000000010e38                strcmp
                0x0000000000010eab                strcat
                0x0000000000010f0a                spin
                0x0000000000010f25                assertion_failure
 .text          0x0000000000010f5e       0x69 lib/orangescrt.a(open.o)
                0x0000000000010f5e                open
 .text          0x0000000000010fc7       0x37 lib/orangescrt.a(read.o)
                0x0000000000010fc7                read
 .text          0x0000000000010ffe       0x37 lib/orangescrt.a(write.o)
                0x0000000000010ffe                write
 .text          0x0000000000011035       0x2b lib/orangescrt.a(close.o)
                0x0000000000011035                close
 .text          0x0000000000011060       0x42 lib/orangescrt.a(unlink.o)
                0x0000000000011060                unlink
 .text          0x00000000000110a2       0x46 lib/orangescrt.a(getpid.o)
                0x00000000000110a2                getpid
 .text          0x00000000000110e8       0x63 lib/orangescrt.a(stat.o)
                0x00000000000110e8                stat
 .text          0x000000000001114b       0x66 lib/orangescrt.a(fork.o)
                0x000000000001114b                fork
 .text          0x00000000000111b1       0x3c lib/orangescrt.a(wait.o)
                0x00000000000111b1                wait
 .text          0x00000000000111ed      0x237 lib/orangescrt.a(exec.o)
                0x00000000000111ed                exec
                0x0000000000011258                execl
                0x000000000001127d                execv
 *fill*         0x0000000000011424        0xc 
 .text          0x0000000000011430       0x28 lib/orangescrt.a(syscall.o)
                0x0000000000011430                sendrec
                0x000000000001144a                printx
 *(.gnu.warning)

.fini
 *(SORT(.fini))
                [!provide]                        PROVIDE (__etext, .)
                [!provide]                        PROVIDE (_etext, .)
                [!provide]                        PROVIDE (etext, .)

.rodata         0x0000000000011460     0x4d23
 *(.rodata .rodata.* .gnu.linkonce.r.*)
 .rodata        0x0000000000011460       0x47 kernel/start.o
 *fill*         0x00000000000114a7        0x1 
 .rodata        0x00000000000114a8     0x275b kernel/main.o
 *fill*         0x0000000000013c03        0x1 
 .rodata        0x0000000000013c04       0x64 kernel/keyboard.o
 .rodata        0x0000000000013c68      0x168 kernel/tty.o
 .rodata        0x0000000000013dd0       0x5b kernel/console.o
 .rodata        0x0000000000013e2b       0x11 kernel/i8259.o
 .rodata        0x0000000000013e3c       0x10 kernel/global.o
                0x0000000000013e3c                FSBUF_SIZE
                0x0000000000013e40                MMBUF_SIZE
                0x0000000000013e44                LOGBUF_SIZE
                0x0000000000013e48                LOGDISKBUF_SIZE
 *fill*         0x0000000000013e4c       0x14 
 .rodata        0x0000000000013e60      0x580 kernel/protect.o
 .rodata        0x00000000000143e0      0x5da kernel/proc.o
 .rodata        0x00000000000149ba       0x11 kernel/systask.o
 *fill*         0x00000000000149cb        0x1 
 .rodata        0x00000000000149cc      0x1df kernel/hd.o
 *fill*         0x0000000000014bab        0x1 
 .rodata        0x0000000000014bac       0x6a kernel/klib.o
 .rodata        0x0000000000014c16       0x1e lib/syslog.o
 .rodata        0x0000000000014c34       0xb1 mm/main.o
 *fill*         0x0000000000014ce5        0x3 
 .rodata        0x0000000000014ce8       0xe7 mm/forkexit.o
 *fill*         0x0000000000014dcf        0x1 
 .rodata        0x0000000000014dd0       0xa4 mm/exec.o
 .rodata        0x0000000000014e74      0x2b6 fs/main.o
 *fill*         0x000000000001512a        0x2 
 .rodata        0x000000000001512c      0x2b0 fs/open.o
 .rodata        0x00000000000153dc       0x60 fs/misc.o
 .rodata        0x000000000001543c      0x164 fs/read_write.o
 .rodata        0x00000000000155a0      0x1f3 fs/link.o
 *fill*         0x0000000000015793        0x1 
 .rodata        0x0000000000015794      0x806 fs/disklog.o
 .rodata        0x0000000000015f9a       0x14 lib/orangescrt.a(printf.o)
 *fill*         0x0000000000015fae        0x2 
 .rodata        0x0000000000015fb0       0xad lib/orangescrt.a(misc.o)
 .rodata        0x000000000001605d       0x23 lib/orangescrt.a(open.o)
 .rodata        0x0000000000016080       0x25 lib/orangescrt.a(getpid.o)
 .rodata        0x00000000000160a5       0x23 lib/orangescrt.a(stat.o)
 .rodata        0x00000000000160c8       0x33 lib/orangescrt.a(fork.o)
 *fill*         0x00000000000160fb        0x1 
 .rodata        0x00000000000160fc       0x87 lib/orangescrt.a(exec.o)

.rodata1
 *(.rodata1)

.eh_frame_hdr
 *(.eh_frame_hdr)
 *(.eh_frame_entry .eh_frame_entry.*)

.eh_frame       0x0000000000016184     0x16c4
 *(.eh_frame)
 .eh_frame      0x0000000000016184       0x38 kernel/start.o
 .eh_frame      0x00000000000161bc      0x3c0 kernel/main.o
                                        0x3d8 (size before relaxing)
 .eh_frame      0x000000000001657c       0x60 kernel/clock.o
                                         0x78 (size before relaxing)
 .eh_frame      0x00000000000165dc       0xe0 kernel/keyboard.o
                                         0xf8 (size before relaxing)
 .eh_frame      0x00000000000166bc      0x13c kernel/tty.o
                                        0x154 (size before relaxing)
 .eh_frame      0x00000000000167f8      0x144 kernel/console.o
                                        0x15c (size before relaxing)
 .eh_frame      0x000000000001693c       0x60 kernel/i8259.o
                                         0x78 (size before relaxing)
 .eh_frame      0x000000000001699c       0xb0 kernel/protect.o
                                         0xc8 (size before relaxing)
 .eh_frame      0x0000000000016a4c      0x1b8 kernel/proc.o
                                        0x1d0 (size before relaxing)
 .eh_frame      0x0000000000016c04       0x5c kernel/systask.o
                                         0x74 (size before relaxing)
 .eh_frame      0x0000000000016c60      0x1f0 kernel/hd.o
                                        0x208 (size before relaxing)
 .eh_frame      0x0000000000016e50       0xa0 kernel/klib.o
                                         0xb8 (size before relaxing)
 .eh_frame      0x0000000000016ef0       0x20 lib/syslog.o
                                         0x38 (size before relaxing)
 .eh_frame      0x0000000000016f10       0x7c mm/main.o
                                         0x94 (size before relaxing)
 .eh_frame      0x0000000000016f8c       0x90 mm/forkexit.o
                                         0xa8 (size before relaxing)
 .eh_frame      0x000000000001701c       0x2c mm/exec.o
                                         0x44 (size before relaxing)
 .eh_frame      0x0000000000017048      0x170 fs/main.o
                                        0x188 (size before relaxing)
 .eh_frame      0x00000000000171b8      0x1f0 fs/open.o
                                        0x208 (size before relaxing)
 .eh_frame      0x00000000000173a8       0x6c fs/misc.o
                                         0x84 (size before relaxing)
 .eh_frame      0x0000000000017414       0x2c fs/read_write.o
                                         0x44 (size before relaxing)
 .eh_frame      0x0000000000017440       0xcc fs/link.o
                                         0xe4 (size before relaxing)
 .eh_frame      0x000000000001750c       0x60 fs/disklog.o
                                         0x78 (size before relaxing)
 .eh_frame      0x000000000001756c       0x40 lib/orangescrt.a(printf.o)
                                         0x58 (size before relaxing)
 .eh_frame      0x00000000000175ac       0x60 lib/orangescrt.a(vsprintf.o)
                                         0x78 (size before relaxing)
 .eh_frame      0x000000000001760c       0xbc lib/orangescrt.a(misc.o)
                                         0xd4 (size before relaxing)
 .eh_frame      0x00000000000176c8       0x20 lib/orangescrt.a(open.o)
                                         0x38 (size before relaxing)
 .eh_frame      0x00000000000176e8       0x20 lib/orangescrt.a(read.o)
                                         0x38 (size before relaxing)
 .eh_frame      0x0000000000017708       0x20 lib/orangescrt.a(write.o)
                                         0x38 (size before relaxing)
 .eh_frame      0x0000000000017728       0x20 lib/orangescrt.a(close.o)
                                         0x38 (size before relaxing)
 .eh_frame      0x0000000000017748       0x20 lib/orangescrt.a(unlink.o)
                                         0x38 (size before relaxing)
 .eh_frame      0x0000000000017768       0x20 lib/orangescrt.a(getpid.o)
                                         0x38 (size before relaxing)
 .eh_frame      0x0000000000017788       0x20 lib/orangescrt.a(stat.o)
                                         0x38 (size before relaxing)
 .eh_frame      0x00000000000177a8       0x20 lib/orangescrt.a(fork.o)
                                         0x38 (size before relaxing)
 .eh_frame      0x00000000000177c8       0x20 lib/orangescrt.a(wait.o)
                                         0x38 (size before relaxing)
 .eh_frame      0x00000000000177e8       0x60 lib/orangescrt.a(exec.o)
                                         0x78 (size before relaxing)
 *(.eh_frame.*)

.gcc_except_table
 *(.gcc_except_table .gcc_except_table.*)

.gnu_extab
 *(.gnu_extab*)

.exception_ranges
 *(.exception_ranges .exception_ranges*)
                0x0000000000018000                . = DATA_SEGMENT_ALIGN (0x1000, 0x1000)

.eh_frame
 *(.eh_frame)
 *(.eh_frame.*)

.gnu_extab
 *(.gnu_extab)

.gcc_except_table
 *(.gcc_except_table .gcc_except_table.*)

.exception_ranges
 *(.exception_ranges .exception_ranges*)

.tdata
 *(.tdata .tdata.* .gnu.linkonce.td.*)

.tbss
 *(.tbss .tbss.* .gnu.linkonce.tb.*)
 *(.tcommon)

.preinit_array  0x0000000000018000        0x0
                [!provide]                        PROVIDE (__preinit_array_start, .)
 *(.preinit_array)
                [!provide]                        PROVIDE (__preinit_array_end, .)

.init_array     0x0000000000018000        0x0
                [!provide]                        PROVIDE (__init_array_start, .)
 *(SORT(.init_array.*) SORT(.ctors.*))
 *(.init_array EXCLUDE_FILE(*crtend?.o *crtend.o *crtbegin?.o *crtbegin.o) .ctors)
                [!provide]                        PROVIDE (__init_array_end, .)

.fini_array     0x0000000000018000        0x0
                [!provide]                        PROVIDE (__fini_array_start, .)
 *(SORT(.fini_array.*) SORT(.dtors.*))
 *(.fini_array EXCLUDE_FILE(*crtend?.o *crtend.o *crtbegin?.o *crtbegin.o) .dtors)
                [!provide]                        PROVIDE (__fini_array_end, .)

.ctors
 *crtbegin.o(.ctors)
 *crtbegin?.o(.ctors)
 *(EXCLUDE_FILE(*crtend?.o *crtend.o) .ctors)
 *(SORT(.ctors.*))
 *(.ctors)

.dtors
 *crtbegin.o(.dtors)
 *crtbegin?.o(.dtors)
 *(EXCLUDE_FILE(*crtend?.o *crtend.o) .dtors)
 *(SORT(.dtors.*))
 *(.dtors)

.jcr
 *(.jcr)

.data.rel.ro
 *(.data.rel.ro.local* .gnu.linkonce.d.rel.ro.local.*)
 *(.data.rel.ro .data.rel.ro.* .gnu.linkonce.d.rel.ro.*)

.dynamic
 *(.dynamic)

.got
 *(.got)
 *(.igot)
                0x0000000000018000                . = DATA_SEGMENT_RELRO_END (., (SIZEOF (.got.plt) >= 0xc)?0xc:0x0)

.got.plt        0x0000000000018000        0x0
 *(.got.plt)
 *(.igot.plt)
 .igot.plt      0x0000000000018000        0x0 kernel/kernel.o

.data           0x0000000000018000      0x894
 *(.data .data.* .gnu.linkonce.d.*)
 .data          0x0000000000018000        0x2 kernel/kernel.o
 .data          0x0000000000018002        0x0 kernel/start.o
 *fill*         0x0000000000018002       0x1e 
 .data          0x0000000000018020       0x80 kernel/main.o
                0x0000000000018020                location
 .data          0x00000000000180a0        0x0 kernel/clock.o
 .data          0x00000000000180a0      0x600 kernel/keyboard.o
                0x00000000000180a0                keymap
 .data          0x00000000000186a0       0x22 kernel/tty.o
 .data          0x00000000000186c2        0x0 kernel/console.o
 .data          0x00000000000186c2        0x0 kernel/i8259.o
 *fill*         0x00000000000186c2       0x1e 
 .data          0x00000000000186e0      0x1b4 kernel/global.o
                0x00000000000186e0                task_table
                0x00000000000187c0                user_proc_table
                0x0000000000018860                sys_call_table
                0x000000000001886c                dd_map
                0x0000000000018884                fsbuf
                0x0000000000018888                mmbuf
                0x000000000001888c                logbuf
                0x0000000000018890                logdiskbuf
 .data          0x0000000000018894        0x0 kernel/protect.o
 .data          0x0000000000018894        0x0 kernel/proc.o
 .data          0x0000000000018894        0x0 kernel/systask.o
 .data          0x0000000000018894        0x0 kernel/hd.o
 .data          0x0000000000018894        0x0 kernel/klib.o
 .data          0x0000000000018894        0x0 lib/syslog.o
 .data          0x0000000000018894        0x0 mm/main.o
 .data          0x0000000000018894        0x0 mm/forkexit.o
 .data          0x0000000000018894        0x0 mm/exec.o
 .data          0x0000000000018894        0x0 fs/main.o
 .data          0x0000000000018894        0x0 fs/open.o
 .data          0x0000000000018894        0x0 fs/misc.o
 .data          0x0000000000018894        0x0 fs/read_write.o
 .data          0x0000000000018894        0x0 fs/link.o
 .data          0x0000000000018894        0x0 fs/disklog.o
 .data          0x0000000000018894        0x0 lib/orangescrt.a(printf.o)
 .data          0x0000000000018894        0x0 lib/orangescrt.a(vsprintf.o)
 .data          0x0000000000018894        0x0 lib/orangescrt.a(misc.o)
 .data          0x0000000000018894        0x0 lib/orangescrt.a(open.o)
 .data          0x0000000000018894        0x0 lib/orangescrt.a(read.o)
 .data          0x0000000000018894        0x0 lib/orangescrt.a(write.o)
 .data          0x0000000000018894        0x0 lib/orangescrt.a(close.o)
 .data          0x0000000000018894        0x0 lib/orangescrt.a(unlink.o)
 .data          0x0000000000018894        0x0 lib/orangescrt.a(getpid.o)
 .data          0x0000000000018894        0x0 lib/orangescrt.a(stat.o)
 .data          0x0000000000018894        0x0 lib/orangescrt.a(fork.o)
 .data          0x0000000000018894        0x0 lib/orangescrt.a(wait.o)
 .data          0x0000000000018894        0x0 lib/orangescrt.a(exec.o)

.data1
 *(.data1)
                0x0000000000018894                _edata = .
                [!provide]                        PROVIDE (edata, .)
                0x0000000000018894                . = .
                0x0000000000018894                __bss_start = .

.bss            0x00000000000188a0    0x2c008
 *(.dynbss)
 *(.bss .bss.* .gnu.linkonce.b.*)
 .bss           0x00000000000188a0     0x1000 kernel/kernel.o
 .bss           0x00000000000198a0        0x0 kernel/start.o
 .bss           0x00000000000198a0       0x80 kernel/main.o
                0x00000000000198a0                wholefilepath
 .bss           0x0000000000019920        0x0 kernel/clock.o
 .bss           0x0000000000019920       0x58 kernel/keyboard.o
 .bss           0x0000000000019978        0x0 kernel/tty.o
 .bss           0x0000000000019978        0x0 kernel/console.o
 .bss           0x0000000000019978        0x0 kernel/i8259.o
 .bss           0x0000000000019978        0x0 kernel/global.o
 .bss           0x0000000000019978        0x0 kernel/protect.o
 .bss           0x0000000000019978        0x0 kernel/proc.o
 .bss           0x0000000000019978        0x0 kernel/systask.o
 *fill*         0x0000000000019978        0x8 
 .bss           0x0000000000019980      0x64c kernel/hd.o
 .bss           0x0000000000019fcc        0x0 kernel/klib.o
 .bss           0x0000000000019fcc        0x0 lib/syslog.o
 .bss           0x0000000000019fcc        0x0 mm/main.o
 .bss           0x0000000000019fcc        0x0 mm/forkexit.o
 .bss           0x0000000000019fcc        0x0 mm/exec.o
 .bss           0x0000000000019fcc        0x0 fs/main.o
 .bss           0x0000000000019fcc        0x0 fs/open.o
 .bss           0x0000000000019fcc        0x0 fs/misc.o
 .bss           0x0000000000019fcc        0x0 fs/read_write.o
 .bss           0x0000000000019fcc        0x0 fs/link.o
 *fill*         0x0000000000019fcc       0x14 
 .bss           0x0000000000019fe0      0x208 fs/disklog.o
 .bss           0x000000000001a1e8        0x0 lib/orangescrt.a(printf.o)
 .bss           0x000000000001a1e8        0x0 lib/orangescrt.a(vsprintf.o)
 .bss           0x000000000001a1e8        0x0 lib/orangescrt.a(misc.o)
 .bss           0x000000000001a1e8        0x0 lib/orangescrt.a(open.o)
 .bss           0x000000000001a1e8        0x0 lib/orangescrt.a(read.o)
 .bss           0x000000000001a1e8        0x0 lib/orangescrt.a(write.o)
 .bss           0x000000000001a1e8        0x0 lib/orangescrt.a(close.o)
 .bss           0x000000000001a1e8        0x0 lib/orangescrt.a(unlink.o)
 .bss           0x000000000001a1e8        0x0 lib/orangescrt.a(getpid.o)
 .bss           0x000000000001a1e8        0x0 lib/orangescrt.a(stat.o)
 .bss           0x000000000001a1e8        0x0 lib/orangescrt.a(fork.o)
 .bss           0x000000000001a1e8        0x0 lib/orangescrt.a(wait.o)
 .bss           0x000000000001a1e8        0x0 lib/orangescrt.a(exec.o)
 *(COMMON)
 *fill*         0x000000000001a1e8       0x18 
 COMMON         0x000000000001a200    0x2a698 kernel/global.o
                0x000000000001a200                idt_ptr
                0x000000000001a220                inode_table
                0x000000000001ad20                task_stack
                0x000000000003ed20                k_reenter
                0x000000000003ed40                gdt
                0x000000000003f140                current_console
                0x000000000003f144                pcaller
                0x000000000003f160                tty_table
                0x000000000003fde0                tss
                0x000000000003fe60                fs_msg
                0x000000000003fe94                memory_size
                0x000000000003fea0                f_desc_table
                0x00000000000402a0                root_inode
                0x00000000000402a4                disp_pos
                0x00000000000402c0                mm_msg
                0x00000000000402f4                key_pressed
                0x00000000000402f8                gdt_ptr
                0x0000000000040300                idt
                0x0000000000040b00                super_block
                0x0000000000040ce0                ticks
                0x0000000000040d00                console_table
                0x0000000000040d40                irq_table
                0x0000000000040d80                p_proc_ready
                0x0000000000040da0                proc_table
 COMMON         0x0000000000044898       0x10 kernel/hd.o
                0x0000000000044898                PARTITION_ENTRY
                0x00000000000448a8                . = ALIGN ((. != 0x0)?0x4:0x1)
                0x00000000000448a8                . = ALIGN (0x4)
                0x00000000000448a8                . = SEGMENT_START ("ldata-segment", .)
                0x00000000000448a8                . = ALIGN (0x4)
                0x00000000000448a8                _end = .
                [!provide]                        PROVIDE (end, .)
                0x00000000000448a8                . = DATA_SEGMENT_END (.)

.stab
 *(.stab)

.stabstr
 *(.stabstr)

.stab.excl
 *(.stab.excl)

.stab.exclstr
 *(.stab.exclstr)

.stab.index
 *(.stab.index)

.stab.indexstr
 *(.stab.indexstr)

.comment        0x0000000000000000       0x2d
 *(.comment)
 .comment       0x0000000000000000       0x2d kernel/start.o
                                         0x2e (size before relaxing)
 .comment       0x000000000000002d       0x2e kernel/main.o
 .comment       0x000000000000002d       0x2e kernel/clock.o
 .comment       0x000000000000002d       0x2e kernel/keyboard.o
 .comment       0x000000000000002d       0x2e kernel/tty.o
 .comment       0x000000000000002d       0x2e kernel/console.o
 .comment       0x000000000000002d       0x2e kernel/i8259.o
 .comment       0x000000000000002d       0x2e kernel/global.o
 .comment       0x000000000000002d       0x2e kernel/protect.o
 .comment       0x000000000000002d       0x2e kernel/proc.o
 .comment       0x000000000000002d       0x2e kernel/systask.o
 .comment       0x000000000000002d       0x2e kernel/hd.o
 .comment       0x000000000000002d       0x2e kernel/klib.o
 .comment       0x000000000000002d       0x2e lib/syslog.o
 .comment       0x000000000000002d       0x2e mm/main.o
 .comment       0x000000000000002d       0x2e mm/forkexit.o
 .comment       0x000000000000002d       0x2e mm/exec.o
 .comment       0x000000000000002d       0x2e fs/main.o
 .comment       0x000000000000002d       0x2e fs/open.o
 .comment       0x000000000000002d       0x2e fs/misc.o
 .comment       0x000000000000002d       0x2e fs/read_write.o
 .comment       0x000000000000002d       0x2e fs/link.o
 .comment       0x000000000000002d       0x2e fs/disklog.o
 .comment       0x000000000000002d       0x2e lib/orangescrt.a(printf.o)
 .comment       0x000000000000002d       0x2e lib/orangescrt.a(vsprintf.o)
 .comment       0x000000000000002d       0x2e lib/orangescrt.a(misc.o)
 .comment       0x000000000000002d       0x2e lib/orangescrt.a(open.o)
 .comment       0x000000000000002d       0x2e lib/orangescrt.a(read.o)
 .comment       0x000000000000002d       0x2e lib/orangescrt.a(write.o)
 .comment       0x000000000000002d       0x2e lib/orangescrt.a(close.o)
 .comment       0x000000000000002d       0x2e lib/orangescrt.a(unlink.o)
 .comment       0x000000000000002d       0x2e lib/orangescrt.a(getpid.o)
 .comment       0x000000000000002d       0x2e lib/orangescrt.a(stat.o)
 .comment       0x000000000000002d       0x2e lib/orangescrt.a(fork.o)
 .comment       0x000000000000002d       0x2e lib/orangescrt.a(wait.o)
 .comment       0x000000000000002d       0x2e lib/orangescrt.a(exec.o)

.debug
 *(.debug)

.line
 *(.line)

.debug_srcinfo
 *(.debug_srcinfo)

.debug_sfnames
 *(.debug_sfnames)

.debug_aranges
 *(.debug_aranges)

.debug_pubnames
 *(.debug_pubnames)

.debug_info
 *(.debug_info .gnu.linkonce.wi.*)

.debug_abbrev
 *(.debug_abbrev)

.debug_line
 *(.debug_line .debug_line.* .debug_line_end)

.debug_frame
 *(.debug_frame)

.debug_str
 *(.debug_str)

.debug_loc
 *(.debug_loc)

.debug_macinfo
 *(.debug_macinfo)

.debug_weaknames
 *(.debug_weaknames)

.debug_funcnames
 *(.debug_funcnames)

.debug_typenames
 *(.debug_typenames)

.debug_varnames
 *(.debug_varnames)

.debug_pubtypes
 *(.debug_pubtypes)

.debug_ranges
 *(.debug_ranges)

.debug_macro
 *(.debug_macro)

.gnu.attributes
 *(.gnu.attributes)

/DISCARD/
 *(.note.GNU-stack)
 *(.gnu_debuglink)
 *(.gnu.lto_*)
OUTPUT(kernel.bin elf32-i386)
